>>> from say_my_name import say_my_name

# Test with both first and last names
>>> say_my_name("John", "Doe")
My name is John Doe

# Test with only the first name
>>> say_my_name("Alice")
My name is Alice 

# Test with an empty last name
>>> say_my_name("Alice", "")
My name is Alice 

# Test with invalid first name
>>> say_my_name(123, "Doe")
Traceback (most recent call last):
    ...
TypeError: first_name must be a string

# Test with invalid last name
>>> say_my_name("John", 456)
Traceback (most recent call last):
    ...
TypeError: last_name must be a string
